// Jest Snapshot v1, https://goo.gl/fbAQLP

exports[`Prueba en componente debe de mostrar el componente 1`] = `
<div>
  <h1>
    Hola, Soy Goku
  </h1>
  <p>
    Estamos empezando con React!!
  </p>
</div>
`;
